// Jest Snapshot v1, https://goo.gl/fbAQLP

exports[`MovieArea should match the correct snapshot 1`] = `undefined`;
