// Jest Snapshot v1, https://goo.gl/fbAQLP

exports[`CreateUser should match the correct snapshot 1`] = `
<form
  onSubmit={[Function]}
>
  <h2>
    Create account
  </h2>
  <input
    name="name"
    onChange={[Function]}
    placeholder="name"
    value=""
  />
  <input
    name="email"
    onChange={[Function]}
    placeholder="email"
    value=""
  />
  <input
    name="password"
    onChange={[Function]}
    placeholder="password"
    type="password"
    value=""
  />
  <input
    name="passwordCheck"
    onChange={[Function]}
    placeholder="confirm password"
    type="password"
    value=""
  />
  <button>
    SUBMIT
  </button>
</form>
`;
