// Jest Snapshot v1, https://goo.gl/fbAQLP

exports[`App should match the correct snapshot 1`] = `
<div
  className="App"
>
  <Header
    user={
      Object {
        "favorites": Array [
          2,
        ],
        "id": 2,
        "name": "eric",
      }
    }
  />
  <Route
    component={[Function]}
    exact={true}
    path="/"
  />
  <Route
    component={[Function]}
    exact={true}
    path="/login"
  />
  <Route
    component={[Function]}
    exact={true}
    path="/signup"
  />
  <Route
    component={[Function]}
    exact={true}
    path="/favorites"
  />
  <Route
    path="/movies/:id"
    render={[Function]}
  />
</div>
`;
